Archive member included to satisfy reference by file (symbol)

D:/ST/STM32CubeIDE_1.13.2/STM32CubeIDE/plugins/com.st.stm32cube.ide.mcu.externaltools.gnu-tools-for-stm32.12.3.rel1.win32_1.0.100.202403111256/tools/bin/../lib/gcc/arm-none-eabi/12.3.1/../../../../arm-none-eabi/lib/thumb/v7e-m+fp/hard\libc_nano.a(libc_a-exit.o)
                              D:/ST/STM32CubeIDE_1.13.2/STM32CubeIDE/plugins/com.st.stm32cube.ide.mcu.externaltools.gnu-tools-for-stm32.12.3.rel1.win32_1.0.100.202403111256/tools/bin/../lib/gcc/arm-none-eabi/12.3.1/../../../../arm-none-eabi/lib/thumb/v7e-m+fp/hard/crt0.o (exit)
D:/ST/STM32CubeIDE_1.13.2/STM32CubeIDE/plugins/com.st.stm32cube.ide.mcu.externaltools.gnu-tools-for-stm32.12.3.rel1.win32_1.0.100.202403111256/tools/bin/../lib/gcc/arm-none-eabi/12.3.1/../../../../arm-none-eabi/lib/thumb/v7e-m+fp/hard\libc_nano.a(libc_a-findfp.o)
                              D:/ST/STM32CubeIDE_1.13.2/STM32CubeIDE/plugins/com.st.stm32cube.ide.mcu.externaltools.gnu-tools-for-stm32.12.3.rel1.win32_1.0.100.202403111256/tools/bin/../lib/gcc/arm-none-eabi/12.3.1/../../../../arm-none-eabi/lib/thumb/v7e-m+fp/hard\libc_nano.a(libc_a-exit.o) (__stdio_exit_handler)
D:/ST/STM32CubeIDE_1.13.2/STM32CubeIDE/plugins/com.st.stm32cube.ide.mcu.externaltools.gnu-tools-for-stm32.12.3.rel1.win32_1.0.100.202403111256/tools/bin/../lib/gcc/arm-none-eabi/12.3.1/../../../../arm-none-eabi/lib/thumb/v7e-m+fp/hard\libc_nano.a(libc_a-fwalk.o)
                              D:/ST/STM32CubeIDE_1.13.2/STM32CubeIDE/plugins/com.st.stm32cube.ide.mcu.externaltools.gnu-tools-for-stm32.12.3.rel1.win32_1.0.100.202403111256/tools/bin/../lib/gcc/arm-none-eabi/12.3.1/../../../../arm-none-eabi/lib/thumb/v7e-m+fp/hard\libc_nano.a(libc_a-findfp.o) (_fwalk_sglue)
D:/ST/STM32CubeIDE_1.13.2/STM32CubeIDE/plugins/com.st.stm32cube.ide.mcu.externaltools.gnu-tools-for-stm32.12.3.rel1.win32_1.0.100.202403111256/tools/bin/../lib/gcc/arm-none-eabi/12.3.1/../../../../arm-none-eabi/lib/thumb/v7e-m+fp/hard\libc_nano.a(libc_a-stdio.o)
                              D:/ST/STM32CubeIDE_1.13.2/STM32CubeIDE/plugins/com.st.stm32cube.ide.mcu.externaltools.gnu-tools-for-stm32.12.3.rel1.win32_1.0.100.202403111256/tools/bin/../lib/gcc/arm-none-eabi/12.3.1/../../../../arm-none-eabi/lib/thumb/v7e-m+fp/hard\libc_nano.a(libc_a-findfp.o) (__sread)
D:/ST/STM32CubeIDE_1.13.2/STM32CubeIDE/plugins/com.st.stm32cube.ide.mcu.externaltools.gnu-tools-for-stm32.12.3.rel1.win32_1.0.100.202403111256/tools/bin/../lib/gcc/arm-none-eabi/12.3.1/../../../../arm-none-eabi/lib/thumb/v7e-m+fp/hard\libc_nano.a(libc_a-vsprintf.o)
                              ./Drivers/Console/Console.o (vsprintf)
D:/ST/STM32CubeIDE_1.13.2/STM32CubeIDE/plugins/com.st.stm32cube.ide.mcu.externaltools.gnu-tools-for-stm32.12.3.rel1.win32_1.0.100.202403111256/tools/bin/../lib/gcc/arm-none-eabi/12.3.1/../../../../arm-none-eabi/lib/thumb/v7e-m+fp/hard\libc_nano.a(libc_a-vsscanf.o)
                              ./Drivers/Console/Console.o (vsscanf)
D:/ST/STM32CubeIDE_1.13.2/STM32CubeIDE/plugins/com.st.stm32cube.ide.mcu.externaltools.gnu-tools-for-stm32.12.3.rel1.win32_1.0.100.202403111256/tools/bin/../lib/gcc/arm-none-eabi/12.3.1/../../../../arm-none-eabi/lib/thumb/v7e-m+fp/hard\libc_nano.a(libc_a-memset.o)
                              D:/ST/STM32CubeIDE_1.13.2/STM32CubeIDE/plugins/com.st.stm32cube.ide.mcu.externaltools.gnu-tools-for-stm32.12.3.rel1.win32_1.0.100.202403111256/tools/bin/../lib/gcc/arm-none-eabi/12.3.1/../../../../arm-none-eabi/lib/thumb/v7e-m+fp/hard/crt0.o (memset)
D:/ST/STM32CubeIDE_1.13.2/STM32CubeIDE/plugins/com.st.stm32cube.ide.mcu.externaltools.gnu-tools-for-stm32.12.3.rel1.win32_1.0.100.202403111256/tools/bin/../lib/gcc/arm-none-eabi/12.3.1/../../../../arm-none-eabi/lib/thumb/v7e-m+fp/hard\libc_nano.a(libc_a-closer.o)
                              D:/ST/STM32CubeIDE_1.13.2/STM32CubeIDE/plugins/com.st.stm32cube.ide.mcu.externaltools.gnu-tools-for-stm32.12.3.rel1.win32_1.0.100.202403111256/tools/bin/../lib/gcc/arm-none-eabi/12.3.1/../../../../arm-none-eabi/lib/thumb/v7e-m+fp/hard\libc_nano.a(libc_a-stdio.o) (_close_r)
D:/ST/STM32CubeIDE_1.13.2/STM32CubeIDE/plugins/com.st.stm32cube.ide.mcu.externaltools.gnu-tools-for-stm32.12.3.rel1.win32_1.0.100.202403111256/tools/bin/../lib/gcc/arm-none-eabi/12.3.1/../../../../arm-none-eabi/lib/thumb/v7e-m+fp/hard\libc_nano.a(libc_a-reent.o)
                              D:/ST/STM32CubeIDE_1.13.2/STM32CubeIDE/plugins/com.st.stm32cube.ide.mcu.externaltools.gnu-tools-for-stm32.12.3.rel1.win32_1.0.100.202403111256/tools/bin/../lib/gcc/arm-none-eabi/12.3.1/../../../../arm-none-eabi/lib/thumb/v7e-m+fp/hard\libc_nano.a(libc_a-closer.o) (errno)
D:/ST/STM32CubeIDE_1.13.2/STM32CubeIDE/plugins/com.st.stm32cube.ide.mcu.externaltools.gnu-tools-for-stm32.12.3.rel1.win32_1.0.100.202403111256/tools/bin/../lib/gcc/arm-none-eabi/12.3.1/../../../../arm-none-eabi/lib/thumb/v7e-m+fp/hard\libc_nano.a(libc_a-impure.o)
[...]
Memory Configuration

Name             Origin             Length             Attributes
CCMRAM           0x10000000         0x00010000         xrw
RAM              0x20000000         0x00020000         xrw
FLASH            0x08000000         0x00100000         xr
*default*        0x00000000         0xffffffff

Linker script and memory map

LOAD D:/ST/STM32CubeIDE_1.13.2/STM32CubeIDE/plugins/com.st.stm32cube.ide.mcu.externaltools.gnu-tools-for-stm32.12.3.rel1.win32_1.0.100.202403111256/tools/bin/../lib/gcc/arm-none-eabi/12.3.1/thumb/v7e-m+fp/hard/crti.o
LOAD D:/ST/STM32CubeIDE_1.13.2/STM32CubeIDE/plugins/com.st.stm32cube.ide.mcu.externaltools.gnu-tools-for-stm32.12.3.rel1.win32_1.0.100.202403111256/tools/bin/../lib/gcc/arm-none-eabi/12.3.1/thumb/v7e-m+fp/hard/crtbegin.o
LOAD D:/ST/STM32CubeIDE_1.13.2/STM32CubeIDE/plugins/com.st.stm32cube.ide.mcu.externaltools.gnu-tools-for-stm32.12.3.rel1.win32_1.0.100.202403111256/tools/bin/../lib/gcc/arm-none-eabi/12.3.1/../../../../arm-none-eabi/lib/thumb/v7e-m+fp/hard/crt0.o
LOAD ./Communication/MODBus/MODBus.o
LOAD ./Drivers/ADC/ADC.o
LOAD ./Drivers/Console/Console.o
LOAD ./Drivers/DMA/DMA.o
LOAD ./Drivers/GPIO/GPIO.o
LOAD ./Drivers/RTC/RTC.o
LOAD ./Drivers/Stepper_Motor/Stepper_Motor.o
LOAD ./Drivers/USART/USART.o
LOAD ./Singal_Processing/Kalman_Filter/Kalman_Filter.o
LOAD ./Singal_Processing/PID/PID.o
LOAD ./Src/main.o
LOAD ./Src/syscalls.o
LOAD ./Src/sysmem.o
LOAD ./Src/system_stm32f4xx.o
LOAD ./Startup/startup_stm32f407vgtx.o
START GROUP
LOAD D:/ST/STM32CubeIDE_1.13.2/STM32CubeIDE/plugins/com.st.stm32cube.ide.mcu.externaltools.gnu-tools-for-stm32.12.3.rel1.win32_1.0.100.202403111256/tools/bin/../lib/gcc/arm-none-eabi/12.3.1/../../../../arm-none-eabi/lib/thumb/v7e-m+fp/hard\libc_nano.a
LOAD D:/ST/STM32CubeIDE_1.13.2/STM32CubeIDE/plugins/com.st.stm32cube.ide.mcu.externaltools.gnu-tools-for-stm32.12.3.rel1.win32_1.0.100.202403111256/tools/bin/../lib/gcc/arm-none-eabi/12.3.1/../../../../arm-none-eabi/lib/thumb/v7e-m+fp/hard\libm.a
END GROUP
START GROUP
LOAD D:/ST/STM32CubeIDE_1.13.2/STM32CubeIDE/plugins/com.st.stm32cube.ide.mcu.externaltools.gnu-tools-for-stm32.12.3.rel1.win32_1.0.100.202403111256/tools/bin/../lib/gcc/arm-none-eabi/12.3.1/thumb/v7e-m+fp/hard\libgcc.a
LOAD D:/ST/STM32CubeIDE_1.13.2/STM32CubeIDE/plugins/com.st.stm32cube.ide.mcu.externaltools.gnu-tools-for-stm32.12.3.rel1.win32_1.0.100.202403111256/tools/bin/../lib/gcc/arm-none-eabi/12.3.1/../../../../arm-none-eabi/lib/thumb/v7e-m+fp/hard\libc_nano.a
END GROUP
START GROUP
LOAD D:/ST/STM32CubeIDE_1.13.2/STM32CubeIDE/plugins/com.st.stm32cube.ide.mcu.externaltools.gnu-tools-for-stm32.12.3.rel1.win32_1.0.100.202403111256/tools/bin/../lib/gcc/arm-none-eabi/12.3.1/thumb/v7e-m+fp/hard\libgcc.a
LOAD D:/ST/STM32CubeIDE_1.13.2/STM32CubeIDE/plugins/com.st.stm32cube.ide.mcu.externaltools.gnu-tools-for-stm32.12.3.rel1.win32_1.0.100.202403111256/tools/bin/../lib/gcc/arm-none-eabi/12.3.1/../../../../arm-none-eabi/lib/thumb/v7e-m+fp/hard\libc_nano.a
LOAD D:/ST/STM32CubeIDE_1.13.2/STM32CubeIDE/plugins/com.st.stm32cube.ide.mcu.externaltools.gnu-tools-for-stm32.12.3.rel1.win32_1.0.100.202403111256/tools/bin/../lib/gcc/arm-none-eabi/12.3.1/../../../../arm-none-eabi/lib/thumb/v7e-m+fp/hard\libnosys.a
END GROUP
START GROUP
LOAD D:/ST/STM32CubeIDE_1.13.2/STM32CubeIDE/plugins/com.st.stm32cube.ide.mcu.externaltools.gnu-tools-for-stm32.12.3.rel1.win32_1.0.100.202403111256/tools/bin/../lib/gcc/arm-none-eabi/12.3.1/thumb/v7e-m+fp/hard\libgcc.a
LOAD D:/ST/STM32CubeIDE_1.13.2/STM32CubeIDE/plugins/com.st.stm32cube.ide.mcu.externaltools.gnu-tools-for-stm32.12.3.rel1.win32_1.0.100.202403111256/tools/bin/../lib/gcc/arm-none-eabi/12.3.1/../../../../arm-none-eabi/lib/thumb/v7e-m+fp/hard\libc_nano.a
LOAD D:/ST/STM32CubeIDE_1.13.2/STM32CubeIDE/plugins/com.st.stm32cube.ide.mcu.externaltools.gnu-tools-for-stm32.12.3.rel1.win32_1.0.100.202403111256/tools/bin/../lib/gcc/arm-none-eabi/12.3.1/../../../../arm-none-eabi/lib/thumb/v7e-m+fp/hard\libnosys.a
END GROUP
LOAD D:/ST/STM32CubeIDE_1.13.2/STM32CubeIDE/plugins/com.st.stm32cube.ide.mcu.externaltools.gnu-tools-for-stm32.12.3.rel1.win32_1.0.100.202403111256/tools/bin/../lib/gcc/arm-none-eabi/12.3.1/thumb/v7e-m+fp/hard/crtend.o
LOAD D:/ST/STM32CubeIDE_1.13.2/STM32CubeIDE/plugins/com.st.stm32cube.ide.mcu.externaltools.gnu-tools-for-stm32.12.3.rel1.win32_1.0.100.202403111256/tools/bin/../lib/gcc/arm-none-eabi/12.3.1/thumb/v7e-m+fp/hard/crtn.o
                0x20020000                        _estack = (ORIGIN (RAM) + LENGTH (RAM))
                0x00000200                        _Min_Heap_Size = 0x200
                0x00000400                        _Min_Stack_Size = 0x400

.isr_vector     0x08000000      0x188
                0x08000000                        . = ALIGN (0x4)
 *(.isr_vector)
 .isr_vector    0x08000000      0x188 ./Startup/startup_stm32f407vgtx.o
                0x08000000                g_pfnVectors
                0x08000188                        . = ALIGN (0x4)

.text           0x08000188     0x3760
                0x08000188                        . = ALIGN (0x4)
 *(.text)
 .text          0x08000188       0x40 D:/ST/STM32CubeIDE_1.13.2/STM32CubeIDE/plugins/com.st.stm32cube.ide.mcu.externaltools.gnu-tools-for-stm32.12.3.rel1.win32_1.0.100.202403111256/tools/bin/../lib/gcc/arm-none-eabi/12.3.1/thumb/v7e-m+fp/hard/crtbegin.o
 .text          0x080001c8      0x378 D:/ST/STM32CubeIDE_1.13.2/STM32CubeIDE/plugins/com.st.stm32cube.ide.mcu.externaltools.gnu-tools-for-stm32.12.3.rel1.win32_1.0.100.202403111256/tools/bin/../lib/gcc/arm-none-eabi/12.3.1/thumb/v7e-m+fp/hard\libgcc.a(_arm_addsubdf3.o)
                0x080001c8                __aeabi_drsub
                0x080001d0                __aeabi_dsub
                0x080001d0                __subdf3
                0x080001d4                __aeabi_dadd
                0x080001d4                __adddf3
                0x0800044c                __floatunsidf
                0x0800044c                __aeabi_ui2d
                0x0800046c                __floatsidf
                0x0800046c                __aeabi_i2d
                0x08000490                __aeabi_f2d
                0x08000490                __extendsfdf2
                0x080004d4                __floatundidf
                0x080004d4                __aeabi_ul2d
                0x080004e4                __floatdidf
                0x080004e4                __aeabi_l2d
 .text          0x08000540      0x424 D:/ST/STM32CubeIDE_1.13.2/STM32CubeIDE/plugins/com.st.stm32cube.ide.mcu.externaltools.gnu-tools-for-stm32.12.3.rel1.win32_1.0.100.202403111256/tools/bin/../lib/gcc/arm-none-eabi/12.3.1/thumb/v7e-m+fp/hard\libgcc.a(_arm_muldivdf3.o)
                0x08000540                __aeabi_dmul
                0x08000540                __muldf3
                0x08000794                __divdf3
                0x08000794                __aeabi_ddiv
 .text          0x08000964      0x110 D:/ST/STM32CubeIDE_1.13.2/STM32CubeIDE/plugins/com.st.stm32cube.ide.mcu.externaltools.gnu-tools-for-stm32.12.3.rel1.win32_1.0.100.202403111256/tools/bin/../lib/gcc/arm-none-eabi/12.3.1/thumb/v7e-m+fp/hard\libgcc.a(_arm_cmpdf2.o)
                0x08000964                __gtdf2
                0x08000964                __gedf2
                0x0800096c                __ltdf2
                0x0800096c                __ledf2
                0x08000974                __nedf2
                0x08000974                __eqdf2
                0x08000974                __cmpdf2
                0x080009f0                __aeabi_cdrcmple
                0x08000a00                __aeabi_cdcmpeq
                0x08000a00                __aeabi_cdcmple
                0x08000a10                __aeabi_dcmpeq
                0x08000a24                __aeabi_dcmplt
                0x08000a38                __aeabi_dcmple
                0x08000a4c                __aeabi_dcmpge
                0x08000a60                __aeabi_dcmpgt
 .text          0x08000a74       0x50 D:/ST/STM32CubeIDE_1.13.2/STM32CubeIDE/plugins/com.st.stm32cube.ide.mcu.externaltools.gnu-tools-for-stm32.12.3.rel1.win32_1.0.100.202403111256/tools/bin/../lib/gcc/arm-none-eabi/12.3.1/thumb/v7e-m+fp/hard\libgcc.a(_arm_fixdfsi.o)
                0x08000a74                __aeabi_d2iz
                0x08000a74                __fixdfsi
 .text          0x08000ac4       0x30 D:/ST/STM32CubeIDE_1.13.2/STM32CubeIDE/plugins/com.st.stm32cube.ide.mcu.externaltools.gnu-tools-for-stm32.12.3.rel1.win32_1.0.100.202403111256/tools/bin/../lib/gcc/arm-none-eabi/12.3.1/thumb/v7e-m+fp/hard\libgcc.a(_fixdfdi.o)
                0x08000ac4                __fixdfdi
                0x08000ac4                __aeabi_d2lz
 .text          0x08000af4       0x3c D:/ST/STM32CubeIDE_1.13.2/STM32CubeIDE/plugins/com.st.stm32cube.ide.mcu.externaltools.gnu-tools-for-stm32.12.3.rel1.win32_1.0.100.202403111256/tools/bin/../lib/gcc/arm-none-eabi/12.3.1/thumb/v7e-m+fp/hard\libgcc.a(_fixunsdfdi.o)
                0x08000af4                __fixunsdfdi
                0x08000af4                __aeabi_d2ulz
 .text          0x08000b30       0x40 D:/ST/STM32CubeIDE_1.13.2/STM32CubeIDE/plugins/com.st.stm32cube.ide.mcu.externaltools.gnu-tools-for-stm32.12.3.rel1.win32_1.0.100.202403111256/tools/bin/../lib/gcc/arm-none-eabi/12.3.1/thumb/v7e-m+fp/hard\libgcc.a(_arm_fixunsdfsi.o)
                0x08000b30                __aeabi_d2uiz
                0x08000b30                __fixunsdfsi
 *(.text*)
 .text.__NVIC_EnableIRQ
                0x08000b70       0x3c ./Drivers/DMA/DMA.o
 .text.DMA1_Stream0_IRQHandler
                0x08000bac      0x178 ./Drivers/DMA/DMA.o
                0x08000bac                DMA1_Stream0_IRQHandler
 .text.DMA1_Stream1_IRQHandler
                0x08000d24      0x134 ./Drivers/DMA/DMA.o
                0x08000d24                DMA1_Stream1_IRQHandler
 .text.DMA1_Stream2_IRQHandler
                0x08000e58       0xd0 ./Drivers/DMA/DMA.o
                0x08000e58                DMA1_Stream2_IRQHandler
 .text.DMA1_Stream3_IRQHandler
                0x08000f28      0x178 ./Drivers/DMA/DMA.o
                0x08000f28                DMA1_Stream3_IRQHandler
 .text.DMA1_Stream4_IRQHandler
                0x080010a0      0x178 ./Drivers/DMA/DMA.o
                0x080010a0                DMA1_Stream4_IRQHandler
 .text.DMA1_Stream5_IRQHandler
                0x08001218      0x178 ./Drivers/DMA/DMA.o
                0x08001218                DMA1_Stream5_IRQHandler
 .text.DMA1_Stream6_IRQHandler
                0x08001390      0x140 ./Drivers/DMA/DMA.o
                0x08001390                DMA1_Stream6_IRQHandler
 .text.DMA1_Stream7_IRQHandler
                0x080014d0      0x178 ./Drivers/DMA/DMA.o
                0x080014d0                DMA1_Stream7_IRQHandler
 .text.DMA2_Stream0_IRQHandler
                0x08001648      0x134 ./Drivers/DMA/DMA.o
                0x08001648                DMA2_Stream0_IRQHandler
 .text.DMA2_Stream1_IRQHandler
                0x0800177c      0x19c ./Drivers/DMA/DMA.o
                0x0800177c                DMA2_Stream1_IRQHandler
 .text.DMA2_Stream2_IRQHandler
                0x08001918      0x114 ./Drivers/DMA/DMA.o
                0x08001918                DMA2_Stream2_IRQHandler
 .text.DMA2_Stream3_IRQHandler
                0x08001a2c       0xf0 ./Drivers/DMA/DMA.o
                0x08001a2c                DMA2_Stream3_IRQHandler
 .text.DMA2_Stream4_IRQHandler
                0x08001b1c       0xf0 ./Drivers/DMA/DMA.o
                0x08001b1c                DMA2_Stream4_IRQHandler
 .text.DMA2_Stream5_IRQHandler
                0x08001c0c       0xd0 ./Drivers/DMA/DMA.o
                0x08001c0c                DMA2_Stream5_IRQHandler
 .text.DMA2_Stream6_IRQHandler
                0x08001cdc      0x134 ./Drivers/DMA/DMA.o
                0x08001cdc                DMA2_Stream6_IRQHandler
 .text.DMA2_Stream7_IRQHandler
                0x08001e10       0xf0 ./Drivers/DMA/DMA.o
                0x08001e10                DMA2_Stream7_IRQHandler
 .text.DMA_Clock_Enable
                0x08001f00       0x4c ./Drivers/DMA/DMA.o
                0x08001f00                DMA_Clock_Enable
 .text.DMA_Init
                0x08001f4c      0x33c ./Drivers/DMA/DMA.o
                0x08001f4c                DMA_Init
 .text.GPIO_Clock_Enable
                0x08002288       0xbc ./Drivers/GPIO/GPIO.o
                0x08002288                GPIO_Clock_Enable
 .text.GPIO_Pin_Init
                0x08002344       0xc0 ./Drivers/GPIO/GPIO.o
                0x08002344                GPIO_Pin_Init
 .text.separateFractionAndIntegral
                0x08002404       0x4c ./Drivers/USART/USART.o
 .text.Get_USART_Instance_Number
                0x08002450       0x84 ./Drivers/USART/USART.o
 .text.USART_Clock_Enable
                0x080024d4       0xc8 ./Drivers/USART/USART.o
                0x080024d4                USART_Clock_Enable
 .text.PIN_Setup
                0x0800259c      0x8b0 ./Drivers/USART/USART.o
 *fill*         0x08002e4c        0x4 
 .text.USART_Init
                0x08002e50      0x570 ./Drivers/USART/USART.o
                0x08002e50                USART_Init
 .text.__NVIC_SetPriority
                0x080033c0       0x54 ./Src/main.o
 .text.SysTick_Config
                0x08003414       0x44 ./Src/main.o
 .text.MCU_Clock_Setup
                0x08003458      0x124 ./Src/main.o
 .text.Delay_Config
                0x0800357c       0x30 ./Src/main.o
 .text.main     0x080035ac       0x68 ./Src/main.o
                0x080035ac                main
 .text.SystemInit
                0x08003614       0x24 ./Src/system_stm32f4xx.o
                0x08003614                SystemInit
 .text.SystemCoreClockUpdate
                0x08003638      0x100 ./Src/system_stm32f4xx.o
                0x08003638                SystemCoreClockUpdate
 .text.Reset_Handler
                0x08003738       0x50 ./Startup/startup_stm32f407vgtx.o
                0x08003738                Reset_Handler
 .text.Default_Handler
                0x08003788        0x2 ./Startup/startup_stm32f407vgtx.o
                0x08003788                RTC_Alarm_IRQHandler
                0x08003788                HASH_RNG_IRQHandler
                0x08003788                EXTI2_IRQHandler
                0x08003788                TIM8_CC_IRQHandler
                0x08003788                DebugMon_Handler
                0x08003788                TIM1_CC_IRQHandler
                0x08003788                HardFault_Handler
                0x08003788                SysTick_Handler
                0x08003788                PVD_IRQHandler
                0x08003788                SDIO_IRQHandler
                0x08003788                TAMP_STAMP_IRQHandler
                0x08003788                PendSV_Handler
                0x08003788                NMI_Handler
                0x08003788                CAN2_RX1_IRQHandler
                0x08003788                EXTI3_IRQHandler
                0x08003788                TIM8_TRG_COM_TIM14_IRQHandler
                0x08003788                TIM1_UP_TIM10_IRQHandler
                0x08003788                TIM8_UP_TIM13_IRQHandler
                0x08003788                I2C3_ER_IRQHandler
                0x08003788                EXTI0_IRQHandler
                0x08003788                I2C2_EV_IRQHandler
                0x08003788                CAN1_RX0_IRQHandler
                0x08003788                FPU_IRQHandler
                0x08003788                OTG_HS_WKUP_IRQHandler
                0x08003788                UsageFault_Handler
                0x08003788                CAN2_SCE_IRQHandler
                0x08003788                SPI1_IRQHandler
                0x08003788                TIM6_DAC_IRQHandler
                0x08003788                TIM1_BRK_TIM9_IRQHandler
                0x08003788                DCMI_IRQHandler
                0x08003788                CAN2_RX0_IRQHandler
                0x08003788                USART6_IRQHandler
                0x08003788                USART3_IRQHandler
                0x08003788                CRYP_IRQHandler
                0x08003788                CAN1_RX1_IRQHandler
                0x08003788                UART5_IRQHandler
                0x08003788                TIM4_IRQHandler
                0x08003788                I2C1_EV_IRQHandler
                0x08003788                UART4_IRQHandler
                0x08003788                TIM3_IRQHandler
                0x08003788                RCC_IRQHandler
                0x08003788                TIM8_BRK_TIM12_IRQHandler
                0x08003788                Default_Handler
                0x08003788                EXTI15_10_IRQHandler
                0x08003788                ADC_IRQHandler
                0x08003788                TIM7_IRQHandler
                0x08003788                CAN2_TX_IRQHandler
                0x08003788                TIM5_IRQHandler
                0x08003788                I2C3_EV_IRQHandler
                0x08003788                EXTI9_5_IRQHandler
                0x08003788                RTC_WKUP_IRQHandler
                0x08003788                ETH_WKUP_IRQHandler
                0x08003788                SPI2_IRQHandler
                0x08003788                OTG_HS_EP1_IN_IRQHandler
                0x08003788                MemManage_Handler
                0x08003788                CAN1_TX_IRQHandler
                0x08003788                SVC_Handler
                0x08003788                EXTI4_IRQHandler
                0x08003788                FSMC_IRQHandler
                0x08003788                ETH_IRQHandler
                0x08003788                OTG_HS_EP1_OUT_IRQHandler
                0x08003788                WWDG_IRQHandler
                0x08003788                TIM2_IRQHandler
                0x08003788                OTG_FS_WKUP_IRQHandler
                0x08003788                TIM1_TRG_COM_TIM11_IRQHandler
                0x08003788                OTG_HS_IRQHandler
                0x08003788                EXTI1_IRQHandler
                0x08003788                USART2_IRQHandler
                0x08003788                I2C2_ER_IRQHandler
                0x08003788                CAN1_SCE_IRQHandler
                0x08003788                BusFault_Handler
                0x08003788                USART1_IRQHandler
                0x08003788                OTG_FS_IRQHandler
                0x08003788                SPI3_IRQHandler
                0x08003788                I2C1_ER_IRQHandler
 *fill*         0x0800378a        0x2 
 .text.__libc_init_array
                0x0800378c       0x48 D:/ST/STM32CubeIDE_1.13.2/STM32CubeIDE/plugins/com.st.stm32cube.ide.mcu.externaltools.gnu-tools-for-stm32.12.3.rel1.win32_1.0.100.202403111256/tools/bin/../lib/gcc/arm-none-eabi/12.3.1/../../../../arm-none-eabi/lib/thumb/v7e-m+fp/hard\libc_nano.a(libc_a-init.o)
                0x0800378c                __libc_init_array
 *fill*         0x080037d4        0x4 
 .text.ceil     0x080037d8       0xf8 D:/ST/STM32CubeIDE_1.13.2/STM32CubeIDE/plugins/com.st.stm32cube.ide.mcu.externaltools.gnu-tools-for-stm32.12.3.rel1.win32_1.0.100.202403111256/tools/bin/../lib/gcc/arm-none-eabi/12.3.1/../../../../arm-none-eabi/lib/thumb/v7e-m+fp/hard\libm.a(libm_a-s_ceil.o)
                0x080037d8                ceil
 *(.glue_7)
 .glue_7        0x080038d0        0x0 linker stubs
 *(.glue_7t)
 .glue_7t       0x080038d0        0x0 linker stubs
 *(.eh_frame)
 .eh_frame      0x080038d0        0x0 D:/ST/STM32CubeIDE_1.13.2/STM32CubeIDE/plugins/com.st.stm32cube.ide.mcu.externaltools.gnu-tools-for-stm32.12.3.rel1.win32_1.0.100.202403111256/tools/bin/../lib/gcc/arm-none-eabi/12.3.1/thumb/v7e-m+fp/hard/crtbegin.o
 *(.init)
 .init          0x080038d0        0x4 D:/ST/STM32CubeIDE_1.13.2/STM32CubeIDE/plugins/com.st.stm32cube.ide.mcu.externaltools.gnu-tools-for-stm32.12.3.rel1.win32_1.0.100.202403111256/tools/bin/../lib/gcc/arm-none-eabi/12.3.1/thumb/v7e-m+fp/hard/crti.o
                0x080038d0                _init
 .init          0x080038d4        0x8 D:/ST/STM32CubeIDE_1.13.2/STM32CubeIDE/plugins/com.st.stm32cube.ide.mcu.externaltools.gnu-tools-for-stm32.12.3.rel1.win32_1.0.100.202403111256/tools/bin/../lib/gcc/arm-none-eabi/12.3.1/thumb/v7e-m+fp/hard/crtn.o
 *(.fini)
 .fini          0x080038dc        0x4 D:/ST/STM32CubeIDE_1.13.2/STM32CubeIDE/plugins/com.st.stm32cube.ide.mcu.externaltools.gnu-tools-for-stm32.12.3.rel1.win32_1.0.100.202403111256/tools/bin/../lib/gcc/arm-none-eabi/12.3.1/thumb/v7e-m+fp/hard/crti.o
                0x080038dc                _fini
 .fini          0x080038e0        0x8 D:/ST/STM32CubeIDE_1.13.2/STM32CubeIDE/plugins/com.st.stm32cube.ide.mcu.externaltools.gnu-tools-for-stm32.12.3.rel1.win32_1.0.100.202403111256/tools/bin/../lib/gcc/arm-none-eabi/12.3.1/thumb/v7e-m+fp/hard/crtn.o
                0x080038e8                        . = ALIGN (0x4)
                0x080038e8                        _etext = .

.vfp11_veneer   0x080038e8        0x0
 .vfp11_veneer  0x080038e8        0x0 linker stubs

.v4_bx          0x080038e8        0x0
 .v4_bx         0x080038e8        0x0 linker stubs

.iplt           0x080038e8        0x0
 .iplt          0x080038e8        0x0 D:/ST/STM32CubeIDE_1.13.2/STM32CubeIDE/plugins/com.st.stm32cube.ide.mcu.externaltools.gnu-tools-for-stm32.12.3.rel1.win32_1.0.100.202403111256/tools/bin/../lib/gcc/arm-none-eabi/12.3.1/thumb/v7e-m+fp/hard/crtbegin.o

.rodata         0x080038e8      0x40c
                0x080038e8                        . = ALIGN (0x4)
 *(.rodata)
 *(.rodata*)
 .rodata.DMA_Configuration
                0x080038e8      0x3fc ./Drivers/USART/USART.o
 .rodata.AHBPrescTable
                0x08003ce4       0x10 ./Src/system_stm32f4xx.o
                0x08003ce4                AHBPrescTable
                0x08003cf4                        . = ALIGN (0x4)

.ARM.extab      0x08003cf4        0x0
                0x08003cf4                        . = ALIGN (0x4)
 *(.ARM.extab* .gnu.linkonce.armextab.*)
                0x08003cf4                        . = ALIGN (0x4)

.ARM            0x08003cf4        0x0
                0x08003cf4                        . = ALIGN (0x4)
                0x08003cf4                        __exidx_start = .
 *(.ARM.exidx*)
                0x08003cf4                        __exidx_end = .
                0x08003cf4                        . = ALIGN (0x4)

.preinit_array  0x08003cf4        0x0
                0x08003cf4                        . = ALIGN (0x4)
                0x08003cf4                        PROVIDE (__preinit_array_start = .)
 *(.preinit_array*)
                0x08003cf4                        PROVIDE (__preinit_array_end = .)
                0x08003cf4                        . = ALIGN (0x4)

.init_array     0x08003cf4        0x4
                0x08003cf4                        . = ALIGN (0x4)
                0x08003cf4                        PROVIDE (__init_array_start = .)
 *(SORT_BY_NAME(.init_array.*))
 *(.init_array*)
 .init_array    0x08003cf4        0x4 D:/ST/STM32CubeIDE_1.13.2/STM32CubeIDE/plugins/com.st.stm32cube.ide.mcu.externaltools.gnu-tools-for-stm32.12.3.rel1.win32_1.0.100.202403111256/tools/bin/../lib/gcc/arm-none-eabi/12.3.1/thumb/v7e-m+fp/hard/crtbegin.o
                0x08003cf8                        PROVIDE (__init_array_end = .)
                0x08003cf8                        . = ALIGN (0x4)

.fini_array     0x08003cf8        0x4
                0x08003cf8                        . = ALIGN (0x4)
                [!provide]                        PROVIDE (__fini_array_start = .)
 *(SORT_BY_NAME(.fini_array.*))
 *(.fini_array*)
 .fini_array    0x08003cf8        0x4 D:/ST/STM32CubeIDE_1.13.2/STM32CubeIDE/plugins/com.st.stm32cube.ide.mcu.externaltools.gnu-tools-for-stm32.12.3.rel1.win32_1.0.100.202403111256/tools/bin/../lib/gcc/arm-none-eabi/12.3.1/thumb/v7e-m+fp/hard/crtbegin.o
                [!provide]                        PROVIDE (__fini_array_end = .)
                0x08003cfc                        . = ALIGN (0x4)
                0x08003cfc                        _sidata = LOADADDR (.data)

.rel.dyn        0x08003cfc        0x0
 .rel.iplt      0x08003cfc        0x0 D:/ST/STM32CubeIDE_1.13.2/STM32CubeIDE/plugins/com.st.stm32cube.ide.mcu.externaltools.gnu-tools-for-stm32.12.3.rel1.win32_1.0.100.202403111256/tools/bin/../lib/gcc/arm-none-eabi/12.3.1/thumb/v7e-m+fp/hard/crtbegin.o

.data           0x20000000        0x4 load address 0x08003cfc
                0x20000000                        . = ALIGN (0x4)
                0x20000000                        _sdata = .
 *(.data)
 *(.data*)
 .data.SystemCoreClock
                0x20000000        0x4 ./Src/system_stm32f4xx.o
                0x20000000                SystemCoreClock
 *(.RamFunc)
 *(.RamFunc*)
                0x20000004                        . = ALIGN (0x4)
                0x20000004                        _edata = .
                0x08003d00                        _siccmram = LOADADDR (.ccmram)

.igot.plt       0x20000004        0x0 load address 0x08003d00
 .igot.plt      0x20000004        0x0 D:/ST/STM32CubeIDE_1.13.2/STM32CubeIDE/plugins/com.st.stm32cube.ide.mcu.externaltools.gnu-tools-for-stm32.12.3.rel1.win32_1.0.100.202403111256/tools/bin/../lib/gcc/arm-none-eabi/12.3.1/thumb/v7e-m+fp/hard/crtbegin.o

.ccmram         0x10000000        0x0 load address 0x08003d00
                0x10000000                        . = ALIGN (0x4)
                0x10000000                        _sccmram = .
 *(.ccmram)
 *(.ccmram*)
                0x10000000                        . = ALIGN (0x4)
                0x10000000                        _eccmram = .
                0x10000000                        . = ALIGN (0x4)

.bss            0x20000004      0x544
                0x20000004                        _sbss = .
                0x20000004                        __bss_start__ = _sbss
 *(.bss)
 .bss           0x20000004       0x1c D:/ST/STM32CubeIDE_1.13.2/STM32CubeIDE/plugins/com.st.stm32cube.ide.mcu.externaltools.gnu-tools-for-stm32.12.3.rel1.win32_1.0.100.202403111256/tools/bin/../lib/gcc/arm-none-eabi/12.3.1/thumb/v7e-m+fp/hard/crtbegin.o
 *(.bss*)
 .bss.I2S2_RX_DMA_Flag
                0x20000020        0x5 ./Drivers/DMA/DMA.o
                0x20000020                I2S2_RX_DMA_Flag
 *fill*         0x20000025        0x3 
 .bss.I2S2_TX_DMA_Flag
                0x20000028        0x5 ./Drivers/DMA/DMA.o
                0x20000028                I2S2_TX_DMA_Flag
 *fill*         0x2000002d        0x3 
 .bss.I2S3_TX_DMA_Flag
                0x20000030        0x5 ./Drivers/DMA/DMA.o
                0x20000030                I2S3_TX_DMA_Flag
 *fill*         0x20000035        0x3 
 .bss.I2C1_RX_DMA_Flag
                0x20000038        0x5 ./Drivers/DMA/DMA.o
                0x20000038                I2C1_RX_DMA_Flag
 *fill*         0x2000003d        0x3 
 .bss.I2C1_TX_DMA_Flag
                0x20000040        0x5 ./Drivers/DMA/DMA.o
                0x20000040                I2C1_TX_DMA_Flag
 *fill*         0x20000045        0x3 
 .bss.I2C2_TX_DMA_Flag
                0x20000048        0x5 ./Drivers/DMA/DMA.o
                0x20000048                I2C2_TX_DMA_Flag
 *fill*         0x2000004d        0x3 
 .bss.I2C3_TX_DMA_Flag
                0x20000050        0x5 ./Drivers/DMA/DMA.o
                0x20000050                I2C3_TX_DMA_Flag
 *fill*         0x20000055        0x3 
 .bss.SPI1_RX_DMA_Flag
                0x20000058        0x5 ./Drivers/DMA/DMA.o
                0x20000058                SPI1_RX_DMA_Flag
 *fill*         0x2000005d        0x3 
 .bss.SPI2_RX_DMA_Flag
                0x20000060        0x5 ./Drivers/DMA/DMA.o
                0x20000060                SPI2_RX_DMA_Flag
 *fill*         0x20000065        0x3 
 .bss.SPI3_RX_DMA_Flag
                0x20000068        0x5 ./Drivers/DMA/DMA.o
                0x20000068                SPI3_RX_DMA_Flag
 *fill*         0x2000006d        0x3 
 .bss.SPI1_TX_DMA_Flag
                0x20000070        0x5 ./Drivers/DMA/DMA.o
                0x20000070                SPI1_TX_DMA_Flag
 *fill*         0x20000075        0x3 
 .bss.SPI2_TX_DMA_Flag
                0x20000078        0x5 ./Drivers/DMA/DMA.o
                0x20000078                SPI2_TX_DMA_Flag
 *fill*         0x2000007d        0x3 
 .bss.SPI3_TX_DMA_Flag
                0x20000080        0x5 ./Drivers/DMA/DMA.o
                0x20000080                SPI3_TX_DMA_Flag
 *fill*         0x20000085        0x3 
 .bss.USART1_RX_DMA_Flag
                0x20000088        0x5 ./Drivers/DMA/DMA.o
                0x20000088                USART1_RX_DMA_Flag
 *fill*         0x2000008d        0x3 
 .bss.USART1_TX_DMA_Flag
                0x20000090        0x5 ./Drivers/DMA/DMA.o
                0x20000090                USART1_TX_DMA_Flag
 *fill*         0x20000095        0x3 
 .bss.USART2_RX_DMA_Flag
                0x20000098        0x5 ./Drivers/DMA/DMA.o
                0x20000098                USART2_RX_DMA_Flag
 *fill*         0x2000009d        0x3 
 .bss.USART2_TX_DMA_Flag
                0x200000a0        0x5 ./Drivers/DMA/DMA.o
                0x200000a0                USART2_TX_DMA_Flag
 *fill*         0x200000a5        0x3 
 .bss.USART3_RX_DMA_Flag
                0x200000a8        0x5 ./Drivers/DMA/DMA.o
                0x200000a8                USART3_RX_DMA_Flag
 *fill*         0x200000ad        0x3 
 .bss.USART3_TX_DMA_Flag
                0x200000b0        0x5 ./Drivers/DMA/DMA.o
                0x200000b0                USART3_TX_DMA_Flag
 *fill*         0x200000b5        0x3 
 .bss.USART4_TX_DMA_Flag
                0x200000b8        0x5 ./Drivers/DMA/DMA.o
                0x200000b8                USART4_TX_DMA_Flag
 *fill*         0x200000bd        0x3 
 .bss.USART5_RX_DMA_Flag
                0x200000c0        0x5 ./Drivers/DMA/DMA.o
                0x200000c0                USART5_RX_DMA_Flag
 *fill*         0x200000c5        0x3 
 .bss.USART5_TX_DMA_Flag
                0x200000c8        0x5 ./Drivers/DMA/DMA.o
                0x200000c8                USART5_TX_DMA_Flag
 *fill*         0x200000cd        0x3 
 .bss.USART6_RX_DMA_Flag
                0x200000d0        0x5 ./Drivers/DMA/DMA.o
                0x200000d0                USART6_RX_DMA_Flag
 *fill*         0x200000d5        0x3 
 .bss.USART6_TX_DMA_Flag
                0x200000d8        0x5 ./Drivers/DMA/DMA.o
                0x200000d8                USART6_TX_DMA_Flag
 *fill*         0x200000dd        0x3 
 .bss.USART7_RX_DMA_Flag
                0x200000e0        0x5 ./Drivers/DMA/DMA.o
                0x200000e0                USART7_RX_DMA_Flag
 *fill*         0x200000e5        0x3 
 .bss.USART8_RX_DMA_Flag
                0x200000e8        0x5 ./Drivers/DMA/DMA.o
                0x200000e8                USART8_RX_DMA_Flag
 *fill*         0x200000ed        0x3 
 .bss.TIM1_UP_DMA_Flag
                0x200000f0        0x5 ./Drivers/DMA/DMA.o
                0x200000f0                TIM1_UP_DMA_Flag
 *fill*         0x200000f5        0x3 
 .bss.TIM1_CH1_DMA_Flag
                0x200000f8        0x5 ./Drivers/DMA/DMA.o
                0x200000f8                TIM1_CH1_DMA_Flag
 *fill*         0x200000fd        0x3 
 .bss.TIM1_CH2_DMA_Flag
                0x20000100        0x5 ./Drivers/DMA/DMA.o
                0x20000100                TIM1_CH2_DMA_Flag
 *fill*         0x20000105        0x3 
 .bss.TIM1_CH3_DMA_Flag
                0x20000108        0x5 ./Drivers/DMA/DMA.o
                0x20000108                TIM1_CH3_DMA_Flag
 *fill*         0x2000010d        0x3 
 .bss.TIM1_CH4_DMA_Flag
                0x20000110        0x5 ./Drivers/DMA/DMA.o
                0x20000110                TIM1_CH4_DMA_Flag
 *fill*         0x20000115        0x3 
 .bss.TIM1_TRIG_DMA_Flag
                0x20000118        0x5 ./Drivers/DMA/DMA.o
                0x20000118                TIM1_TRIG_DMA_Flag
 *fill*         0x2000011d        0x3 
 .bss.TIM1_COM_DMA_Flag
                0x20000120        0x5 ./Drivers/DMA/DMA.o
                0x20000120                TIM1_COM_DMA_Flag
 *fill*         0x20000125        0x3 
 .bss.TIM8_UP_DMA_Flag
                0x20000128        0x5 ./Drivers/DMA/DMA.o
                0x20000128                TIM8_UP_DMA_Flag
 *fill*         0x2000012d        0x3 
 .bss.TIM8_CH1_DMA_Flag
                0x20000130        0x5 ./Drivers/DMA/DMA.o
                0x20000130                TIM8_CH1_DMA_Flag
 *fill*         0x20000135        0x3 
 .bss.TIM8_CH2_DMA_Flag
                0x20000138        0x5 ./Drivers/DMA/DMA.o
                0x20000138                TIM8_CH2_DMA_Flag
 *fill*         0x2000013d        0x3 
 .bss.TIM8_CH3_DMA_Flag
                0x20000140        0x5 ./Drivers/DMA/DMA.o
                0x20000140                TIM8_CH3_DMA_Flag
 *fill*         0x20000145        0x3 
 .bss.TIM8_CH4_DMA_Flag
                0x20000148        0x5 ./Drivers/DMA/DMA.o
                0x20000148                TIM8_CH4_DMA_Flag
 *fill*         0x2000014d        0x3 
 .bss.TIM8_TRIG_DMA_Flag
                0x20000150        0x5 ./Drivers/DMA/DMA.o
                0x20000150                TIM8_TRIG_DMA_Flag
 *fill*         0x20000155        0x3 
 .bss.TIM8_COM_DMA_Flag
                0x20000158        0x5 ./Drivers/DMA/DMA.o
                0x20000158                TIM8_COM_DMA_Flag
 *fill*         0x2000015d        0x3 
 .bss.TIM2_UP_DMA_Flag
                0x20000160        0x5 ./Drivers/DMA/DMA.o
                0x20000160                TIM2_UP_DMA_Flag
 *fill*         0x20000165        0x3 
 .bss.TIM2_CH1_DMA_Flag
                0x20000168        0x5 ./Drivers/DMA/DMA.o
                0x20000168                TIM2_CH1_DMA_Flag
 *fill*         0x2000016d        0x3 
 .bss.TIM2_CH2_DMA_Flag
                0x20000170        0x5 ./Drivers/DMA/DMA.o
                0x20000170                TIM2_CH2_DMA_Flag
 *fill*         0x20000175        0x3 
 .bss.TIM2_CH3_DMA_Flag
                0x20000178        0x5 ./Drivers/DMA/DMA.o
                0x20000178                TIM2_CH3_DMA_Flag
 *fill*         0x2000017d        0x3 
 .bss.TIM2_CH4_DMA_Flag
                0x20000180        0x5 ./Drivers/DMA/DMA.o
                0x20000180                TIM2_CH4_DMA_Flag
 *fill*         0x20000185        0x3 
 .bss.TIM3_CH1_DMA_Flag
                0x20000188        0x5 ./Drivers/DMA/DMA.o
                0x20000188                TIM3_CH1_DMA_Flag
 *fill*         0x2000018d        0x3 
 .bss.TIM3_CH2_DMA_Flag
                0x20000190        0x5 ./Drivers/DMA/DMA.o
                0x20000190                TIM3_CH2_DMA_Flag
 *fill*         0x20000195        0x3 
 .bss.TIM3_CH3_DMA_Flag
                0x20000198        0x5 ./Drivers/DMA/DMA.o
                0x20000198                TIM3_CH3_DMA_Flag
 *fill*         0x2000019d        0x3 
 .bss.TIM3_TRIG_DMA_Flag
                0x200001a0        0x5 ./Drivers/DMA/DMA.o
                0x200001a0                TIM3_TRIG_DMA_Flag
 *fill*         0x200001a5        0x3 
 .bss.TIM4_CH1_DMA_Flag
                0x200001a8        0x5 ./Drivers/DMA/DMA.o
                0x200001a8                TIM4_CH1_DMA_Flag
 *fill*         0x200001ad        0x3 
 .bss.TIM4_CH2_DMA_Flag
                0x200001b0        0x5 ./Drivers/DMA/DMA.o
                0x200001b0                TIM4_CH2_DMA_Flag
 *fill*         0x200001b5        0x3 
 .bss.TIM4_CH3_DMA_Flag
                0x200001b8        0x5 ./Drivers/DMA/DMA.o
                0x200001b8                TIM4_CH3_DMA_Flag
 *fill*         0x200001bd        0x3 
 .bss.TIM5_CH2_DMA_Flag
                0x200001c0        0x5 ./Drivers/DMA/DMA.o
                0x200001c0                TIM5_CH2_DMA_Flag
 *fill*         0x200001c5        0x3 
 .bss.TIM5_CH3_DMA_Flag
                0x200001c8        0x5 ./Drivers/DMA/DMA.o
                0x200001c8                TIM5_CH3_DMA_Flag
 *fill*         0x200001cd        0x3 
 .bss.TIM5_TRIG_DMA_Flag
                0x200001d0        0x5 ./Drivers/DMA/DMA.o
                0x200001d0                TIM5_TRIG_DMA_Flag
 *fill*         0x200001d5        0x3 
 .bss.TIM6_UP_DMA_Flag
                0x200001d8        0x5 ./Drivers/DMA/DMA.o
                0x200001d8                TIM6_UP_DMA_Flag
 *fill*         0x200001dd        0x3 
 .bss.DAC2_DMA_Flag
                0x200001e0        0x5 ./Drivers/DMA/DMA.o
                0x200001e0                DAC2_DMA_Flag
 *fill*         0x200001e5        0x3 
 .bss.SDIO_RXTX_DMA_Flag
                0x200001e8        0x5 ./Drivers/DMA/DMA.o
                0x200001e8                SDIO_RXTX_DMA_Flag
 *fill*         0x200001ed        0x3 
 .bss.DCMI_DMA_Flag
                0x200001f0        0x5 ./Drivers/DMA/DMA.o
                0x200001f0                DCMI_DMA_Flag
 *fill*         0x200001f5        0x3 
 .bss.ADC1_DMA_Flag
                0x200001f8        0x5 ./Drivers/DMA/DMA.o
                0x200001f8                ADC1_DMA_Flag
 *fill*         0x200001fd        0x3 
 .bss.ADC2_DMA_Flag
                0x20000200        0x5 ./Drivers/DMA/DMA.o
                0x20000200                ADC2_DMA_Flag
 *fill*         0x20000205        0x3 
 .bss.ADC3_DMA_Flag
                0x20000208        0x5 ./Drivers/DMA/DMA.o
                0x20000208                ADC3_DMA_Flag
 *fill*         0x2000020d        0x3 
 .bss.DMA1_Stream0_Flag
                0x20000210        0x5 ./Drivers/DMA/DMA.o
                0x20000210                DMA1_Stream0_Flag
 *fill*         0x20000215        0x3 
 .bss.DMA1_Stream1_Flag
                0x20000218        0x5 ./Drivers/DMA/DMA.o
                0x20000218                DMA1_Stream1_Flag
 *fill*         0x2000021d        0x3 
 .bss.DMA1_Stream2_Flag
                0x20000220        0x5 ./Drivers/DMA/DMA.o
                0x20000220                DMA1_Stream2_Flag
 *fill*         0x20000225        0x3 
 .bss.DMA1_Stream3_Flag
                0x20000228        0x5 ./Drivers/DMA/DMA.o
                0x20000228                DMA1_Stream3_Flag
 *fill*         0x2000022d        0x3 
 .bss.DMA1_Stream4_Flag
                0x20000230        0x5 ./Drivers/DMA/DMA.o
                0x20000230                DMA1_Stream4_Flag
 *fill*         0x20000235        0x3 
 .bss.DMA1_Stream5_Flag
                0x20000238        0x5 ./Drivers/DMA/DMA.o
                0x20000238                DMA1_Stream5_Flag
 *fill*         0x2000023d        0x3 
 .bss.DMA1_Stream6_Flag
                0x20000240        0x5 ./Drivers/DMA/DMA.o
                0x20000240                DMA1_Stream6_Flag
 *fill*         0x20000245        0x3 
 .bss.DMA1_Stream7_Flag
                0x20000248        0x5 ./Drivers/DMA/DMA.o
                0x20000248                DMA1_Stream7_Flag
 *fill*         0x2000024d        0x3 
 .bss.DMA2_Stream0_Flag
                0x20000250        0x5 ./Drivers/DMA/DMA.o
                0x20000250                DMA2_Stream0_Flag
 *fill*         0x20000255        0x3 
 .bss.DMA2_Stream1_Flag
                0x20000258        0x5 ./Drivers/DMA/DMA.o
                0x20000258                DMA2_Stream1_Flag
 *fill*         0x2000025d        0x3 
 .bss.DMA2_Stream2_Flag
                0x20000260        0x5 ./Drivers/DMA/DMA.o
                0x20000260                DMA2_Stream2_Flag
 *fill*         0x20000265        0x3 
 .bss.DMA2_Stream3_Flag
                0x20000268        0x5 ./Drivers/DMA/DMA.o
                0x20000268                DMA2_Stream3_Flag
 *fill*         0x2000026d        0x3 
 .bss.DMA2_Stream4_Flag
                0x20000270        0x5 ./Drivers/DMA/DMA.o
                0x20000270                DMA2_Stream4_Flag
 *fill*         0x20000275        0x3 
 .bss.DMA2_Stream5_Flag
                0x20000278        0x5 ./Drivers/DMA/DMA.o
                0x20000278                DMA2_Stream5_Flag
 *fill*         0x2000027d        0x3 
 .bss.DMA2_Stream6_Flag
                0x20000280        0x5 ./Drivers/DMA/DMA.o
                0x20000280                DMA2_Stream6_Flag
 *fill*         0x20000285        0x3 
 .bss.DMA2_Stream7_Flag
                0x20000288        0x5 ./Drivers/DMA/DMA.o
                0x20000288                DMA2_Stream7_Flag
 *fill*         0x2000028d        0x3 
 .bss.xUSART_RX
                0x20000290      0x150 ./Drivers/USART/USART.o
                0x20000290                xUSART_RX
 .bss.xUSART_TX
                0x200003e0      0x150 ./Drivers/USART/USART.o
                0x200003e0                xUSART_TX
 .bss.usart_dma_instance_number
                0x20000530        0x1 ./Drivers/USART/USART.o
                0x20000530                usart_dma_instance_number
 *fill*         0x20000531        0x3 
 .bss.test      0x20000534       0x14 ./Src/main.o
                0x20000534                test
 *(COMMON)
                0x20000548                        . = ALIGN (0x4)
                0x20000548                        _ebss = .
                0x20000548                        __bss_end__ = _ebss

._user_heap_stack
                0x20000548      0x600
                0x20000548                        . = ALIGN (0x8)
                [!provide]                        PROVIDE (end = .)
                0x20000548                        PROVIDE (_end = .)
                0x20000748                        . = (. + _Min_Heap_Size)
 *fill*         0x20000548      0x200 
                0x20000b48                        . = (. + _Min_Stack_Size)
 *fill*         0x20000748      0x400 
                0x20000b48                        . = ALIGN (0x8)

/DISCARD/
 libc.a(*)
 libm.a(*)
 libgcc.a(*)

.ARM.attributes
                0x00000000       0x30
 *(.ARM.attributes)
 .ARM.attributes
                0x00000000       0x22 D:/ST/STM32CubeIDE_1.13.2/STM32CubeIDE/plugins/com.st.stm32cube.ide.mcu.externaltools.gnu-tools-for-stm32.12.3.rel1.win32_1.0.100.202403111256/tools/bin/../lib/gcc/arm-none-eabi/12.3.1/thumb/v7e-m+fp/hard/crti.o
 .ARM.attributes
                0x00000022       0x34 D:/ST/STM32CubeIDE_1.13.2/STM32CubeIDE/plugins/com.st.stm32cube.ide.mcu.externaltools.gnu-tools-for-stm32.12.3.rel1.win32_1.0.100.202403111256/tools/bin/../lib/gcc/arm-none-eabi/12.3.1/thumb/v7e-m+fp/hard/crtbegin.o
 .ARM.attributes
                0x00000056       0x34 ./Drivers/DMA/DMA.o
 .ARM.attributes
                0x0000008a       0x34 ./Drivers/GPIO/GPIO.o
 .ARM.attributes
                0x000000be       0x34 ./Drivers/USART/USART.o
 .ARM.attributes
                0x000000f2       0x34 ./Src/main.o
 .ARM.attributes
                0x00000126       0x34 ./Src/system_stm32f4xx.o
 .ARM.attributes
                0x0000015a       0x21 ./Startup/startup_stm32f407vgtx.o
 .ARM.attributes
                0x0000017b       0x34 D:/ST/STM32CubeIDE_1.13.2/STM32CubeIDE/plugins/com.st.stm32cube.ide.mcu.externaltools.gnu-tools-for-stm32.12.3.rel1.win32_1.0.100.202403111256/tools/bin/../lib/gcc/arm-none-eabi/12.3.1/../../../../arm-none-eabi/lib/thumb/v7e-m+fp/hard\libc_nano.a(libc_a-init.o)
 .ARM.attributes
                0x000001af       0x34 D:/ST/STM32CubeIDE_1.13.2/STM32CubeIDE/plugins/com.st.stm32cube.ide.mcu.externaltools.gnu-tools-for-stm32.12.3.rel1.win32_1.0.100.202403111256/tools/bin/../lib/gcc/arm-none-eabi/12.3.1/../../../../arm-none-eabi/lib/thumb/v7e-m+fp/hard\libm.a(libm_a-s_ceil.o)
 .ARM.attributes
                0x000001e3       0x22 D:/ST/STM32CubeIDE_1.13.2/STM32CubeIDE/plugins/com.st.stm32cube.ide.mcu.externaltools.gnu-tools-for-stm32.12.3.rel1.win32_1.0.100.202403111256/tools/bin/../lib/gcc/arm-none-eabi/12.3.1/thumb/v7e-m+fp/hard\libgcc.a(_arm_addsubdf3.o)
 .ARM.attributes
                0x00000205       0x22 D:/ST/STM32CubeIDE_1.13.2/STM32CubeIDE/plugins/com.st.stm32cube.ide.mcu.externaltools.gnu-tools-for-stm32.12.3.rel1.win32_1.0.100.202403111256/tools/bin/../lib/gcc/arm-none-eabi/12.3.1/thumb/v7e-m+fp/hard\libgcc.a(_arm_muldivdf3.o)
 .ARM.attributes
                0x00000227       0x22 D:/ST/STM32CubeIDE_1.13.2/STM32CubeIDE/plugins/com.st.stm32cube.ide.mcu.externaltools.gnu-tools-for-stm32.12.3.rel1.win32_1.0.100.202403111256/tools/bin/../lib/gcc/arm-none-eabi/12.3.1/thumb/v7e-m+fp/hard\libgcc.a(_arm_cmpdf2.o)
 .ARM.attributes
                0x00000249       0x22 D:/ST/STM32CubeIDE_1.13.2/STM32CubeIDE/plugins/com.st.stm32cube.ide.mcu.externaltools.gnu-tools-for-stm32.12.3.rel1.win32_1.0.100.202403111256/tools/bin/../lib/gcc/arm-none-eabi/12.3.1/thumb/v7e-m+fp/hard\libgcc.a(_arm_fixdfsi.o)
 .ARM.attributes
                0x0000026b       0x34 D:/ST/STM32CubeIDE_1.13.2/STM32CubeIDE/plugins/com.st.stm32cube.ide.mcu.externaltools.gnu-tools-for-stm32.12.3.rel1.win32_1.0.100.202403111256/tools/bin/../lib/gcc/arm-none-eabi/12.3.1/thumb/v7e-m+fp/hard\libgcc.a(_fixdfdi.o)
 .ARM.attributes
                0x0000029f       0x34 D:/ST/STM32CubeIDE_1.13.2/STM32CubeIDE/plugins/com.st.stm32cube.ide.mcu.externaltools.gnu-tools-for-stm32.12.3.rel1.win32_1.0.100.202403111256/tools/bin/../lib/gcc/arm-none-eabi/12.3.1/thumb/v7e-m+fp/hard\libgcc.a(_fixunsdfdi.o)
 .ARM.attributes
                0x000002d3       0x22 D:/ST/STM32CubeIDE_1.13.2/STM32CubeIDE/plugins/com.st.stm32cube.ide.mcu.externaltools.gnu-tools-for-stm32.12.3.rel1.win32_1.0.100.202403111256/tools/bin/../lib/gcc/arm-none-eabi/12.3.1/thumb/v7e-m+fp/hard\libgcc.a(_arm_fixunsdfsi.o)
 .ARM.attributes
                0x000002f5       0x22 D:/ST/STM32CubeIDE_1.13.2/STM32CubeIDE/plugins/com.st.stm32cube.ide.mcu.externaltools.gnu-tools-for-stm32.12.3.rel1.win32_1.0.100.202403111256/tools/bin/../lib/gcc/arm-none-eabi/12.3.1/thumb/v7e-m+fp/hard/crtn.o
OUTPUT(EEV_Controller.elf elf32-littlearm)
LOAD linker stubs
LOAD D:/ST/STM32CubeIDE_1.13.2/STM32CubeIDE/plugins/com.st.stm32cube.ide.mcu.externaltools.gnu-tools-for-stm32.12.3.rel1.win32_1.0.100.202403111256/tools/bin/../lib/gcc/arm-none-eabi/12.3.1/../../../../arm-none-eabi/lib/thumb/v7e-m+fp/hard\libc.a
LOAD D:/ST/STM32CubeIDE_1.13.2/STM32CubeIDE/plugins/com.st.stm32cube.ide.mcu.externaltools.gnu-tools-for-stm32.12.3.rel1.win32_1.0.100.202403111256/tools/bin/../lib/gcc/arm-none-eabi/12.3.1/../../../../arm-none-eabi/lib/thumb/v7e-m+fp/hard\libm.a
LOAD D:/ST/STM32CubeIDE_1.13.2/STM32CubeIDE/plugins/com.st.stm32cube.ide.mcu.externaltools.gnu-tools-for-stm32.12.3.rel1.win32_1.0.100.202403111256/tools/bin/../lib/gcc/arm-none-eabi/12.3.1/thumb/v7e-m+fp/hard\libgcc.a

.debug_info     0x00000000     0x6a63
 .debug_info    0x00000000     0x19f8 ./Drivers/DMA/DMA.o
 .debug_info    0x000019f8      0xe24 ./Drivers/GPIO/GPIO.o
 .debug_info    0x0000281c     0x1ddb ./Drivers/USART/USART.o
 .debug_info    0x000045f7     0x1f31 ./Src/main.o
 .debug_info    0x00006528      0x50b ./Src/system_stm32f4xx.o
 .debug_info    0x00006a33       0x30 ./Startup/startup_stm32f407vgtx.o

.debug_abbrev   0x00000000      0xaf6
 .debug_abbrev  0x00000000      0x23f ./Drivers/DMA/DMA.o
 .debug_abbrev  0x0000023f      0x20f ./Drivers/GPIO/GPIO.o
 .debug_abbrev  0x0000044e      0x2e1 ./Drivers/USART/USART.o
 .debug_abbrev  0x0000072f      0x289 ./Src/main.o
 .debug_abbrev  0x000009b8      0x11a ./Src/system_stm32f4xx.o
 .debug_abbrev  0x00000ad2       0x24 ./Startup/startup_stm32f407vgtx.o

.debug_aranges  0x00000000      0x228
 .debug_aranges
                0x00000000       0xe0 ./Drivers/DMA/DMA.o
 .debug_aranges
                0x000000e0       0x48 ./Drivers/GPIO/GPIO.o
 .debug_aranges
                0x00000128       0x70 ./Drivers/USART/USART.o
 .debug_aranges
                0x00000198       0x40 ./Src/main.o
 .debug_aranges
                0x000001d8       0x28 ./Src/system_stm32f4xx.o
 .debug_aranges
                0x00000200       0x28 ./Startup/startup_stm32f407vgtx.o

.debug_rnglists
                0x00000000      0x1a1
 .debug_rnglists
                0x00000000       0xb7 ./Drivers/DMA/DMA.o
 .debug_rnglists
                0x000000b7       0x35 ./Drivers/GPIO/GPIO.o
 .debug_rnglists
                0x000000ec       0x56 ./Drivers/USART/USART.o
 .debug_rnglists
                0x00000142       0x2c ./Src/main.o
 .debug_rnglists
                0x0000016e       0x1a ./Src/system_stm32f4xx.o
 .debug_rnglists
                0x00000188       0x19 ./Startup/startup_stm32f407vgtx.o

.debug_macro    0x00000000      0xb65
 .debug_macro   0x00000000      0x268 ./Drivers/DMA/DMA.o
 .debug_macro   0x00000268      0x268 ./Drivers/GPIO/GPIO.o
 .debug_macro   0x000004d0      0x290 ./Drivers/USART/USART.o
 .debug_macro   0x00000760      0x290 ./Src/main.o
 .debug_macro   0x000009f0       0xda ./Src/system_stm32f4xx.o
 .debug_macro   0x00000aca       0x2e ./Src/system_stm32f4xx.o
 .debug_macro   0x00000af8       0x6d ./Src/system_stm32f4xx.o

.debug_line     0x00000000     0x4705
 .debug_line    0x00000000     0x15a3 ./Drivers/DMA/DMA.o
 .debug_line    0x000015a3      0x8e0 ./Drivers/GPIO/GPIO.o
 .debug_line    0x00001e83     0x1996 ./Drivers/USART/USART.o
 .debug_line    0x00003819      0x938 ./Src/main.o
 .debug_line    0x00004151      0x539 ./Src/system_stm32f4xx.o
 .debug_line    0x0000468a       0x7b ./Startup/startup_stm32f407vgtx.o

.debug_str      0x00000000    0x8f6d2
 .debug_str     0x00000000    0x8ebda ./Drivers/DMA/DMA.o
                              0x8eeb2 (size before relaxing)
 .debug_str     0x0008ebda      0x3bb ./Drivers/GPIO/GPIO.o
                              0x8e38e (size before relaxing)
 .debug_str     0x0008ef95      0x590 ./Drivers/USART/USART.o
                              0x8ea94 (size before relaxing)
 .debug_str     0x0008f525       0xdf ./Src/main.o
                              0x8ecb9 (size before relaxing)
 .debug_str     0x0008f604       0x8f ./Src/system_stm32f4xx.o
                              0x88590 (size before relaxing)
 .debug_str     0x0008f693       0x3f ./Startup/startup_stm32f407vgtx.o
                                 0x72 (size before relaxing)

.comment        0x00000000       0x43
 .comment       0x00000000       0x43 ./Drivers/DMA/DMA.o
                                 0x44 (size before relaxing)
 .comment       0x00000043       0x44 ./Drivers/GPIO/GPIO.o
 .comment       0x00000043       0x44 ./Drivers/USART/USART.o
 .comment       0x00000043       0x44 ./Src/main.o
 .comment       0x00000043       0x44 ./Src/system_stm32f4xx.o

.debug_frame    0x00000000      0xa14
 .debug_frame   0x00000000      0x378 ./Drivers/DMA/DMA.o
 .debug_frame   0x00000378       0xf8 ./Drivers/GPIO/GPIO.o
 .debug_frame   0x00000470      0x1c8 ./Drivers/USART/USART.o
 .debug_frame   0x00000638       0xbc ./Src/main.o
 .debug_frame   0x000006f4       0x58 ./Src/system_stm32f4xx.o
 .debug_frame   0x0000074c       0x2c D:/ST/STM32CubeIDE_1.13.2/STM32CubeIDE/plugins/com.st.stm32cube.ide.mcu.externaltools.gnu-tools-for-stm32.12.3.rel1.win32_1.0.100.202403111256/tools/bin/../lib/gcc/arm-none-eabi/12.3.1/../../../../arm-none-eabi/lib/thumb/v7e-m+fp/hard\libc_nano.a(libc_a-init.o)
 .debug_frame   0x00000778       0x30 D:/ST/STM32CubeIDE_1.13.2/STM32CubeIDE/plugins/com.st.stm32cube.ide.mcu.externaltools.gnu-tools-for-stm32.12.3.rel1.win32_1.0.100.202403111256/tools/bin/../lib/gcc/arm-none-eabi/12.3.1/../../../../arm-none-eabi/lib/thumb/v7e-m+fp/hard\libm.a(libm_a-s_ceil.o)
 .debug_frame   0x000007a8       0xac D:/ST/STM32CubeIDE_1.13.2/STM32CubeIDE/plugins/com.st.stm32cube.ide.mcu.externaltools.gnu-tools-for-stm32.12.3.rel1.win32_1.0.100.202403111256/tools/bin/../lib/gcc/arm-none-eabi/12.3.1/thumb/v7e-m+fp/hard\libgcc.a(_arm_addsubdf3.o)
 .debug_frame   0x00000854       0x50 D:/ST/STM32CubeIDE_1.13.2/STM32CubeIDE/plugins/com.st.stm32cube.ide.mcu.externaltools.gnu-tools-for-stm32.12.3.rel1.win32_1.0.100.202403111256/tools/bin/../lib/gcc/arm-none-eabi/12.3.1/thumb/v7e-m+fp/hard\libgcc.a(_arm_muldivdf3.o)
 .debug_frame   0x000008a4       0xc4 D:/ST/STM32CubeIDE_1.13.2/STM32CubeIDE/plugins/com.st.stm32cube.ide.mcu.externaltools.gnu-tools-for-stm32.12.3.rel1.win32_1.0.100.202403111256/tools/bin/../lib/gcc/arm-none-eabi/12.3.1/thumb/v7e-m+fp/hard\libgcc.a(_arm_cmpdf2.o)
 .debug_frame   0x00000968       0x24 D:/ST/STM32CubeIDE_1.13.2/STM32CubeIDE/plugins/com.st.stm32cube.ide.mcu.externaltools.gnu-tools-for-stm32.12.3.rel1.win32_1.0.100.202403111256/tools/bin/../lib/gcc/arm-none-eabi/12.3.1/thumb/v7e-m+fp/hard\libgcc.a(_arm_fixdfsi.o)
 .debug_frame   0x0000098c       0x38 D:/ST/STM32CubeIDE_1.13.2/STM32CubeIDE/plugins/com.st.stm32cube.ide.mcu.externaltools.gnu-tools-for-stm32.12.3.rel1.win32_1.0.100.202403111256/tools/bin/../lib/gcc/arm-none-eabi/12.3.1/thumb/v7e-m+fp/hard\libgcc.a(_fixdfdi.o)
 .debug_frame   0x000009c4       0x2c D:/ST/STM32CubeIDE_1.13.2/STM32CubeIDE/plugins/com.st.stm32cube.ide.mcu.externaltools.gnu-tools-for-stm32.12.3.rel1.win32_1.0.100.202403111256/tools/bin/../lib/gcc/arm-none-eabi/12.3.1/thumb/v7e-m+fp/hard\libgcc.a(_fixunsdfdi.o)
 .debug_frame   0x000009f0       0x24 D:/ST/STM32CubeIDE_1.13.2/STM32CubeIDE/plugins/com.st.stm32cube.ide.mcu.externaltools.gnu-tools-for-stm32.12.3.rel1.win32_1.0.100.202403111256/tools/bin/../lib/gcc/arm-none-eabi/12.3.1/thumb/v7e-m+fp/hard\libgcc.a(_arm_fixunsdfsi.o)

.debug_line_str
                0x00000000       0x56
 .debug_line_str
                0x00000000       0x56 ./Startup/startup_stm32f407vgtx.o
