../Drivers/USB/USB_FS/USB_FS_Driver.c:16:43:IN_Endpoint	16	static
../Drivers/USB/USB_FS/USB_FS_Driver.c:21:44:OUT_Endpoint	16	static
../Drivers/USB/USB_FS/USB_FS_Driver.c:26:30:FIFO_Address	16	static
../Drivers/USB/USB_FS/USB_FS_Driver.c:31:13:USB_FS_Write_Packet	24	static
../Drivers/USB/USB_FS/USB_FS_Driver.c:54:13:USB_FS_Read_Packet	32	static
../Drivers/USB/USB_FS/USB_FS_Driver.c:75:13:USB_FS_Flush_RX_FIFO	4	static
../Drivers/USB/USB_FS/USB_FS_Driver.c:80:13:USB_FS_Flush_TX_FIFO	16	static
../Drivers/USB/USB_FS/USB_FS_Driver.c:88:13:USB_FS_Refresh_FIFO_Start_Address	16	static
../Drivers/USB/USB_FS/USB_FS_Driver.c:105:13:USB_FS_Configure_RXFIFO_Size	16	static
../Drivers/USB/USB_FS/USB_FS_Driver.c:113:13:USB_FS_Configure_TXFIFO_Size	16	static
../Drivers/USB/USB_FS/USB_FS_Driver.c:133:13:USB_FS_Pins_Init	40	static
../Drivers/USB/USB_FS/USB_FS_Driver.c:158:13:USB_FS_Configure_Endpoint_0	16	static
../Drivers/USB/USB_FS/USB_FS_Driver.c:172:13:USB_FS_Configure_In_Endpoints	16	static
../Drivers/USB/USB_FS/USB_FS_Driver.c:183:13:USB_FS_Deconfigure_In_Endpoints	24	static
../Drivers/USB/USB_FS/USB_FS_Driver.c:215:13:USB_FS_Init	16	static
../Drivers/USB/USB_FS/USB_FS_Driver.c:268:13:USB_FS_Connect	16	static
../Drivers/USB/USB_FS/USB_FS_Driver.c:274:13:USB_FS_Disconnect	16	static
../Drivers/USB/USB_FS/USB_FS_Driver.c:280:13:USB_FS_OEPINT_Handler	16	static
../Drivers/USB/USB_FS/USB_FS_Driver.c:290:13:USB_FS_RST_Handler	16	static
../Drivers/USB/USB_FS/USB_FS_Driver.c:300:13:USB_FS_ENUM_DONE_Handler	8	static
../Drivers/USB/USB_FS/USB_FS_Driver.c:307:13:USB_FS_RX_FIFOLV_Handler	16	static
../Drivers/USB/USB_FS/USB_FS_Driver.c:356:13:USB_FS_Global_Status_Interrupt_Handler	16	static
../Drivers/USB/USB_FS/USB_FS_Driver.c:385:13:USB_FS_Set_Device_Address	16	static
