../Inc/core_cm4.h:1684:22:__NVIC_EnableIRQ	16	static,ignoring_inline_asm
../Inc/core_cm4.h:1814:22:__NVIC_SetPriority	16	static
../Inc/core_cm4.h:2022:26:SysTick_Config	16	static
../Inc/main.h:51:22:MCU_Clock_Setup	16	static
../Inc/main.h:115:26:Delay_Config	4	static
../Inc/main.h:140:26:Delay_ms	24	static
../Inc/main.h:161:26:Delay_s	16	static
../Src/main.c:39:6:TIM6_DAC_IRQHandler	16	static
../Src/main.c:52:6:General_Timer_Update_Init	8	static
../Src/main.c:65:5:main	16	static
../Src/main.c:93:6:Get_Temperature	40	static
../Src/main.c:107:6:Get_Pressure	24	static
../Src/main.c:113:7:Get_Saturation_Temp_From_Pressure	48	static
../Src/main.c:145:6:Init_Stepper_Motor	32	static
../Src/main.c:175:6:Set_Stepper_Motor_Position	24	static
../Src/main.c:203:6:Sensor_Init	8	static
